// Jest Snapshot v1, https://goo.gl/fbAQLP

exports[`renders correctly 1`] = `
<RCTSafeAreaView
  emulateUnlessSupported={true}
  style={
    Object {
      "flex": 1,
    }
  }
>
  <View
    style={
      Array [
        Object {
          "alignItems": "center",
          "backgroundColor": "#323539",
          "justifyContent": "center",
          "padding": 10,
        },
        Object {
          "elevation": 3,
          "shadowColor": "#000",
          "shadowOffset": Object {
            "height": 2,
            "width": 0,
          },
          "shadowOpacity": 0.8,
          "shadowRadius": 2,
        },
      ]
    }
  >
    <Text
      style={
        Array [
          Object {
            "color": "white",
          },
          Object {
            "fontFamily": "",
            "fontSize": 20,
          },
        ]
      }
    >
      Picture Uploader
    </Text>
  </View>
  <View
    style={
      Object {
        "alignItems": "center",
        "backgroundColor": "#dfe1ee",
        "flex": 1,
        "justifyContent": "center",
      }
    }
  >
    <Text
      allowFontScaling={false}
      onPress={[Function]}
      style={
        Array [
          Object {
            "color": undefined,
            "fontSize": 100,
          },
          Object {
            "color": "#3b5998",
          },
          Object {
            "fontFamily": "FontAwesome",
            "fontStyle": "normal",
            "fontWeight": "normal",
          },
          Object {},
        ]
      }
    >
      
    </Text>
    <Text>
      Upload an image
    </Text>
  </View>
</RCTSafeAreaView>
`;
